[0m[1;1H[1;44m [34m° [37mMystic FTN Client                                                           
[36;40mÚ[34mÄ [37mStatus [34mÄÄ[0;34mÄ[1mÄ[0;34mÄÄÄÄÄÄÄÄÄÄÄÄÄÄÄÄÄÄÄÄÄÄÄÄÄÄÄÄÄÄÄÄÄÄÄÄÄÄÄÄÄÄÄÄÄÄÄÄÄÄÄÄÄÄÄÄÄÄÄÄÄÄÄ[1mÄ[36m¿
[34m³                                                                             ³
[0;34m³                                                                             ³
³                                                                             ³
³                                                                             ³
³                                                                             ³
³                                                                             ³
³                                                                             ³
³                                                                             ³
³                                                                             ³
³                                                                             ³
³                                                                             ³
³                                                                             ³
[1m³                                                                             ³
[36mÀ[34mÄÄ[0;34mÄ[1mÄ[0;34mÄÄÄÄÄÄÄÄÄÄÄÄÄÄÄÄÄÄÄÄÄÄÄÄÄÄÄÄÄÄÄÄÄÄÄÄÄÄÄÄÄÄÄÄÄÄÄÄÄÄÄÄÄÄÄÄÄÄÄÄÄÄÄÄÄÄÄÄÄ[1mÄ[0;34mÄ[1mÄÄ[36mÙ
Ú[34mÄ [37mSystem [34mÄÄ[0;34mÄ[1mÄ[0;34mÄÄÄÄÄÄÄÄÄÄÄÄÄ[1mÄ [37mSysOp [34mÄ[0;34mÄ[1mÄÄ[0;34mÄÄÄÄÄÄÄÄÄÄÄÄÄÄÄÄÄÄÄÄÄ[1mÄ [37mAddress[0m/[1mDomain [34mÄ[36m¿
[34m³                                                                             ³
[0;34m³                                                                             ³
³                                                                             ³
³                                                                             ³
³                                                                             ³
³                                                                             ³
[1m³                                                                             ³
[36mÀ[34mÄ[0;34mÄ[1mÄÄ[0;34mÄ[1mÄ[0;34mÄÄÄÄÄÄÄÄÄÄÄÄÄÄÄÄÄÄÄÄÄÄÄÄÄÄÄÄÄÄÄÄÄÄÄÄÄÄÄÄÄÄÄÄÄÄÄÄÄÄÄÄÄÄÄÄÄÄÄÄÄÄÄÄÄÄÄÄÄÄ[1mÄ[36mÙ