
     The following people have donated to the author or development of
THD ProScan. (In alphabetical order)

Frank Aldridge            Tom Altenbach             John Barton
Kosta Berjitsky           Phil Bernstein            Jeromy Bruni
Dave Carter               Mark Cohen                Jeff Cook
Erik Coolen               Neil Dempster             Rick Ferri
Scott Ferguson            Vicki Fletcher            Kip Gies
Dave Gorski               Tim Hamilton              Robert Holmes
Jeremy Idol               Peter Janssens            Don Johnson
Mark Kerr                 Paul Laufer               Ron Oliveri
Howard Pockett            Adrian Pop                M. Nabeeh Rahmaan
Rudy Ramsey               Bernie Schau              Mike & Rita Smith
Jeff Squires              Eric Staufer              Bryan Sullivan
Tim Strike                Peter Thompson            Justin Verduyn
Charlie Wardick           Herman Wiggins            Ralph Wilcox
Brian Wolfe               Kevin Zimmerman


     Not mentioned in this text are the great many people who have incurred 
long distance charges for the purpose of obtaining the archive for 
distribution in their respective areas.
     I would like to thank them as well as any who have sent THD ProScan at 
their own cost to another who was looking for it.

David Muir... Author THD ProScan.
