 
============================================================================ 
mysticbbsirc cleanup 
Date: Sat 09/05/2026 23:23:01.59 
============================================================================ 
[1/8] Build artifacts... 
OK 
[2/8] Compiled binaries... 
  OK: Deleted mystic_test\mystic 
  OK: Deleted mystic_mterm\mterm 
OK 
[3/8] Python cruft... 
OK 
[4/8] Duplicate MDL files... 
WARN: mystic_test\mdl\ exists — delete it, use ../mdl via -Fu 
OK 
[5/8] Archive stale files to attic... 
OK 
[6/8] Duplicate RIP assets... 
OK 
[7/8] Temp files... 
OK 
[8/8] Verify... 
 
=== BUILD CHECK === 
  cd mystic_ripview\source 
  fpc -Mdelphi -Fu..\..\mdl\m_rip -Fu..\..\mdl\m_rip\v1 ripview.pas 
  cd mystic_mterm 
  fpc -Mdelphi -Fu..\mdl -Fu..\mdl\m_rip -Fu..\mdl\m_rip\v1 -Fi..\mdl mterm.pas 
  cd mystic_test 
  fpc -Mdelphi -Fu..\mdl -Fi..\mdl mystic.pas 
  fpc -Mdelphi -Fu..\mdl -Fi..\mdl mis.pas 
 
=== SUMMARY === 
Cleaned: 2 file(s). Errors: 1 
