mysticbbsirc cleanup 
Date: Wed 09/02/2026 17:43:44.56 
 
[1/7] Build artifacts... 
OK: Build artifacts cleaned 
[2/7] Compiled binaries... 
OK: Compiled binaries cleaned 
[3/7] Python cruft... 
[4/7] Duplicate MDL files... 
WARN: mystic_test\mdl\ exists — should use ../mdl via -Fu 
[5/7] Duplicate RIP assets... 
[6/7] Temp files... 
OK: Cleaned mystic_test\temp\ 
OK: Cleaned mystic_test\temp0\ 
OK: Cleaned mystic_test\temp1\ 
OK: Cleaned mystic_test\logs\ 
OK: Cleaned mystic_test\semaphore\ 
[7/7] Verification... 
 
=== BUILD CHECK === 
Run after cleanup: 
  cd mystic_ripview\source 
  fpc -Mdelphi -Fu..\..\mdl\m_rip -Fu..\..\mdl\m_rip\v1 ripview.pas 
 
  cd mystic_mterm 
  fpc -Mdelphi -Fu..\mdl -Fu..\mdl\m_rip -Fu..\mdl\m_rip\v1 -Fi..\mdl mterm.pas 
 
  cd mystic_test 
  fpc -Mdelphi -Fu..\mdl -Fi..\mdl mystic.pas 
  fpc -Mdelphi -Fu..\mdl -Fi..\mdl mis.pas 
 
=== SUMMARY === 
Cleaned: 7 file(s) 
Errors: 0 

 
============================================================================ 
mysticbbsirc cleanup 
Date: Sun 09/06/2026  0:20:05.85 
============================================================================ 
[1/8] Build artifacts... 
OK 
[2/8] Compiled binaries... 
  OK: Deleted mystic_test\mystic 
  OK: Deleted mystic_mterm\mterm 
  OK: Deleted mystic_ripview\source\ripview 
OK 
[3/8] Python cruft... 
OK 
[4/8] Duplicate MDL files... 
  OK: Deleted mystic_test\mdl\mdltest0.pas 
  OK: Deleted mystic_test\mdl\mdltest1.pas 
  OK: Deleted mystic_test\mdl\mdltest10.pas 
  OK: Deleted mystic_test\mdl\mdltest11.pas 
  OK: Deleted mystic_test\mdl\mdltest12.pas 
  OK: Deleted mystic_test\mdl\mdltest2.pas 
  OK: Deleted mystic_test\mdl\mdltest3.pas 
  OK: Deleted mystic_test\mdl\mdltest4.pas 
  OK: Deleted mystic_test\mdl\mdltest6.pas 
  OK: Deleted mystic_test\mdl\mdltest7.pas 
  OK: Deleted mystic_test\mdl\mdltest8.pas 
  OK: Deleted mystic_test\mdl\mdltest9.pas 
  OK: Deleted mystic_test\mdl\m_archive.pas 
  OK: Deleted mystic_test\mdl\m_bits.pas 
  OK: Deleted mystic_test\mdl\m_crc.pas 
  OK: Deleted mystic_test\mdl\m_crypt.pas 
  OK: Deleted mystic_test\mdl\m_datetime.pas 
  OK: Deleted mystic_test\mdl\m_fileio.pas 
  OK: Deleted mystic_test\mdl\m_fossil.pas 
  OK: Deleted mystic_test\mdl\m_fossil_io.pas 
  OK: Deleted mystic_test\mdl\m_inireader.pas 
  OK: Deleted mystic_test\mdl\m_input.pas 
  OK: Deleted mystic_test\mdl\m_input_crt.pas 
  OK: Deleted mystic_test\mdl\m_input_darwin.pas 
  OK: Deleted mystic_test\mdl\m_input_linux.pas 
  OK: Deleted mystic_test\mdl\m_input_windows.pas 
  OK: Deleted mystic_test\mdl\m_io_base.pas 
  OK: Deleted mystic_test\mdl\m_io_fossil.pas 
  OK: Deleted mystic_test\mdl\m_io_sockets.pas 
  OK: Deleted mystic_test\mdl\m_io_stdio.pas 
  OK: Deleted mystic_test\mdl\m_logroller.pas 
  OK: Deleted mystic_test\mdl\m_menubox.pas 
  OK: Deleted mystic_test\mdl\m_menuform.pas 
  OK: Deleted mystic_test\mdl\m_menuhelp.pas 
  OK: Deleted mystic_test\mdl\m_menuinput.pas 
  OK: Deleted mystic_test\mdl\m_mouse.pas 
  OK: Deleted mystic_test\mdl\m_ops.pas 
  OK: Deleted mystic_test\mdl\m_output.pas 
  OK: Deleted mystic_test\mdl\m_output_crt.pas 
  OK: Deleted mystic_test\mdl\m_output_darwin.pas 
  OK: Deleted mystic_test\mdl\m_output_linux.pas 
  OK: Deleted mystic_test\mdl\m_output_scrollback.pas 
  OK: Deleted mystic_test\mdl\m_output_windows.pas 
  OK: Deleted mystic_test\mdl\m_pipe.pas 
  OK: Deleted mystic_test\mdl\m_pipe_disk.pas 
  OK: Deleted mystic_test\mdl\m_pipe_unix.pas 
  OK: Deleted mystic_test\mdl\m_pipe_windows.pas 
  OK: Deleted mystic_test\mdl\m_protocol_base.pas 
  OK: Deleted mystic_test\mdl\m_protocol_kermit.pas 
  OK: Deleted mystic_test\mdl\m_protocol_queue.pas 
  OK: Deleted mystic_test\mdl\m_protocol_xmodem.pas 
  OK: Deleted mystic_test\mdl\m_protocol_ymodem.pas 
  OK: Deleted mystic_test\mdl\m_protocol_zmodem.pas 
  OK: Deleted mystic_test\mdl\m_prot_base.pas 
  OK: Deleted mystic_test\mdl\m_prot_zmodem.pas 
  OK: Deleted mystic_test\mdl\m_quicksort.pas 
  OK: Deleted mystic_test\mdl\m_rip_graph.pas 
  OK: Deleted mystic_test\mdl\m_serial.pas 
  OK: Deleted mystic_test\mdl\m_socket_server.pas 
  OK: Deleted mystic_test\mdl\m_strings.pas 
  OK: Deleted mystic_test\mdl\m_tcp_client.pas 
  OK: Deleted mystic_test\mdl\m_tcp_client_ftp.pas 
  OK: Deleted mystic_test\mdl\m_tcp_client_smtp.pas 
  OK: Deleted mystic_test\mdl\m_term_ansi.pas 
  OK: Deleted mystic_test\mdl\m_types.pas 
  OK: Deleted mystic_test\mdl\serial.pas 
  OK: Deleted mystic_test\mdl\serial_irq.pas 
  OK: Deleted mystic_test\mdl\sockets_go32v2.pas 
  OK: Deleted mystic_test\mdl\test_recconfig.pas 
  OK: Deleted mystic_test\data\chat1.dat 
OK 
[5/8] Archive stale files to attic... 
OK 
[6/8] Duplicate RIP assets... 
OK 
[7/8] Temp files... 
OK 
[8/8] Verify... 
 
=== BUILD CHECK === 
  cd mystic_ripview\source 
  fpc -Mdelphi -Fu..\..\mdl\m_rip -Fu..\..\mdl\m_rip\v1 -Fi..\..\mdl\m_rip ripview.pas 
  cd mystic_mterm 
  fpc -Mdelphi -Fu..\mdl -Fu..\mdl\m_rip -Fu..\mdl\m_rip\v1 -Fi..\mdl -Fi..\mdl\m_rip mterm.pas 
  cd mystic_test 
  fpc -Mdelphi -Fu..\mdl -Fi..\mdl mystic.pas 
  fpc -Mdelphi -Fu..\mdl -Fi..\mdl mis.pas 
 
=== FONT LOCATIONS (canonical) === 
  mdl\m_rip\rip_font8x8.inc (master) 
  mdl\m_rip\rip_font8x14.inc (master) 
  mdl\m_rip\rip_font8x16.inc (master) 
  mystic_test\mdl\m_rip\ (copy) 
  mystic\mdl\m_rip\ (copy) 
 
=== SUMMARY === 
Cleaned: 73 file(s). Errors: 0 
OK 
[6/8] Duplicate RIP assets... 
OK 
[7/8] Temp files... 
OK 
[8/8] Verify... 
 
=== BUILD CHECK === 
  cd mystic_ripview\source 
  fpc -Mdelphi -Fu..\..\mdl\m_rip -Fu..\..\mdl\m_rip\v1 -Fi..\..\mdl\m_rip ripview.pas 
  cd mystic_mterm 
  fpc -Mdelphi -Fu..\mdl -Fu..\mdl\m_rip -Fu..\mdl\m_rip\v1 -Fi..\mdl -Fi..\mdl\m_rip mterm.pas 
  cd mystic_test 
  fpc -Mdelphi -Fu..\mdl -Fi..\mdl mystic.pas 
  fpc -Mdelphi -Fu..\mdl -Fi..\mdl mis.pas 
 
=== FONT LOCATIONS (canonical) === 
  mdl\m_rip\rip_font8x8.inc (master) 
  mdl\m_rip\rip_font8x14.inc (master) 
  mdl\m_rip\rip_font8x16.inc (master) 
  mystic_test\mdl\m_rip\ (copy) 
  mystic\mdl\m_rip\ (copy) 
 
=== SUMMARY === 
Cleaned: 73 file(s). Errors: 0 
